../Core/Src/Motor_Control.c:10:6:init	8	static
../Core/Src/Motor_Control.c:22:6:convert_wheel_speeds	32	static
../Core/Src/Motor_Control.c:40:6:ekf_predict	248	static
../Core/Src/Motor_Control.c:92:6:ekf_update	16	static
../Core/Src/Motor_Control.c:105:6:ekf_calcualte_state_transition_matrix	48	static
../Core/Src/Motor_Control.c:132:6:ekf_calculate_estimate_covariance	208	static
../Core/Src/Motor_Control.c:175:6:ekf_calculate_z_hat	16	static
../Core/Src/Motor_Control.c:232:6:get_wheel_velocity	24	static
../Core/Src/Motor_Control.c:248:6:wheel_speed_pid_update	64	static
../Core/Src/Motor_Control.c:288:6:matrix_multiply	40	static
../Core/Src/Motor_Control.c:307:6:matrix_transpose	32	static
../Core/Src/Motor_Control.c:315:6:matrix_add	40	static
